
> hemolink-frontend@0.0.0 build
> ng build

[33mÔØ»[39m Building...
[32mÔ£ö[39m Building...
Application bundle generation failed. [6.265 seconds] - 2026-03-29T17:27:58.284Z

node.exe : 
[1m[31m[31mX [41;31m[
[41;97mERROR[41;31m][0m 
[1mTS2339: Property 
'dateEligibilite' does 
not exist on type 
'Donneur'.[0m 
[1m[35m[plugin 
angular-compiler][0m
Au caractère C:\Program 
Files\nodejs\npm.ps1:29 : 
3
+   & $NODE_EXE 
$NPM_CLI_JS $args
+   ~~~~~~~~~~~~~~~~~~~~~~
~~~~~~~
    + CategoryInfo        
      : NotSpecified: (  
  [1m[31m[31mX...r-co   
 mpiler][0m:String) [    
], RemoteException
    + FullyQualifiedError 
   Id : NativeCommandErr  
  or
 

    src/app/donor/layout/d
onor-layout.component.html
:94:61:
[37m      94 Ôöé 
...eligible" *ngIf="donor?
.[32mdateEligibilite[37m
 === null || 
!donor?.dat...
         ÔòÁ              
              
[32m~~~~~~~~~~~~~~~[0m

  Error occurs in the 
template of component 
DonorLayoutComponent.

    src/app/donor/layout/d
onor-layout.component.ts:1
2:15:
[37m      12 Ôöé   
templateUrl: [32m'./donor
-layout.component.html'[3
7m,
         ÔòÁ              
  [32m~~~~~~~~~~~~~~~~~~~
~~~~~~~~~~~~[0m


[31mX [41;31m[[41;97mER
ROR[41;31m][0m 
[1mTS2339: Property 
'dateEligibilite' does 
not exist on type 
'Donneur'.[0m 
[1m[35m[plugin 
angular-compiler][0m

    src/app/donor/layout/d
onor-layout.component.html
:94:97:
[37m      94 Ôöé ...ngIf=
"donor?.dateEligibilite 
=== null || !donor?.[32md
ateEligibilite[37m">
         ÔòÁ              
                          
             
[32m~~~~~~~~~~~~~~~[0m

  Error occurs in the 
template of component 
DonorLayoutComponent.

    src/app/donor/layout/d
onor-layout.component.ts:1
2:15:
[37m      12 Ôöé   
templateUrl: [32m'./donor
-layout.component.html'[3
7m,
         ÔòÁ              
  [32m~~~~~~~~~~~~~~~~~~~
~~~~~~~~~~~~[0m


[31mX [41;31m[[41;97mER
ROR[41;31m][0m 
[1mTS2339: Property 
'dateEligibilite' does 
not exist on type 
'Donneur'.[0m 
[1m[35m[plugin 
angular-compiler][0m

    src/app/donor/layout/d
onor-layout.component.html
:97:65:
[37m      97 Ôöé 
...ss="eligibility-chip 
not-eligible" *ngIf="donor
?.[32mdateEligibilite[37
m">
         ÔòÁ              
                          
             
[32m~~~~~~~~~~~~~~~[0m

  Error occurs in the 
template of component 
DonorLayoutComponent.

    src/app/donor/layout/d
onor-layout.component.ts:1
2:15:
[37m      12 Ôöé   
templateUrl: [32m'./donor
-layout.component.html'[3
7m,
         ÔòÁ              
  [32m~~~~~~~~~~~~~~~~~~~
~~~~~~~~~~~~[0m


[31mX [41;31m[[41;97mER
ROR[41;31m][0m 
[1mTS2339: Property 
'groupeSanguin' does not 
exist on type 'Don'.[0m 
[1m[35m[plugin 
angular-compiler][0m

    src/app/donor/pages/hi
story/donor-history.compon
ent.html:48:21:
[37m      48 Ôöé         
      {{ don.[32mgroupeSa
nguin[37m || 'ÔÇö' }}
         ÔòÁ              
        
[32m~~~~~~~~~~~~~[0m

  Error occurs in the 
template of component 
DonorHistoryComponent.

    src/app/donor/pages/hi
story/donor-history.compon
ent.ts:12:15:
[37m      12 Ôöé   
templateUrl: [32m'./donor
-history.component.html'[
37m,
         ÔòÁ              
  [32m~~~~~~~~~~~~~~~~~~~
~~~~~~~~~~~~~[0m


[31mX [41;31m[[41;97mER
ROR[41;31m][0m 
[1mTS2322: Type 'number 
| undefined' is not 
assignable to type 
'number'.
  Type 'undefined' is not 
assignable to type 
'number'.[0m 
[1m[35m[plugin 
angular-compiler][0m

    src/app/donor/pages/ma
p/donor-map.component.ts:9
8:50:
[37m      98 Ôöé ...etVie
w([this.centers[0].latitud
e, [32mthis.centers[0].lo
ngitude[37m], 12);
         ÔòÁ              
                        [
32m~~~~~~~~~~~~~~~~~~~~~~~
~~[0m


[31mX [41;31m[[41;97mER
ROR[41;31m][0m 
[1mTS2339: Property 
'nombreDons' does not 
exist on type 
'Donneur'.[0m 
[1m[35m[plugin 
angular-compiler][0m

    src/app/donor/pages/ov
erview/donor-overview.comp
onent.html:43:42:
[37m      43 Ôöé         
<span 
class="kpi-value">{{ donor
?.[32mnombreDons[37m || 
0 }}</span>
         ÔòÁ              
                          
   [32m~~~~~~~~~~[0m

  Error occurs in the 
template of component 
DonorOverviewComponent.

    src/app/donor/pages/ov
erview/donor-overview.comp
onent.ts:12:15:
[37m      12 Ôöé   
templateUrl: [32m'./donor
-overview.component.html'
[37m,
         ÔòÁ              
  [32m~~~~~~~~~~~~~~~~~~~
~~~~~~~~~~~~~~[0m


[31mX [41;31m[[41;97mER
ROR[41;31m][0m 
[1mTS2339: Property 
'nombreDons' does not 
exist on type 
'Donneur'.[0m 
[1m[35m[plugin 
angular-compiler][0m

    src/app/donor/pages/ov
erview/donor-overview.comp
onent.html:51:43:
[37m      51 Ôöé ... 
<span 
class="kpi-value">{{ (dono
r?.[32mnombreDons[37m 
|| 0) * 3 }}</span>
         ÔòÁ              
                          
[32m~~~~~~~~~~[0m

  Error occurs in the 
template of component 
DonorOverviewComponent.

    src/app/donor/pages/ov
erview/donor-overview.comp
onent.ts:12:15:
[37m      12 Ôöé   
templateUrl: [32m'./donor
-overview.component.html'
[37m,
         ÔòÁ              
  [32m~~~~~~~~~~~~~~~~~~~
~~~~~~~~~~~~~~[0m


[31mX [41;31m[[41;97mER
ROR[41;31m][0m 
[1mTS2339: Property 
'ville' does not exist on 
type 'Donneur'.[0m 
[1m[35m[plugin 
angular-compiler][0m

    src/app/donor/pages/ov
erview/donor-overview.comp
onent.html:85:43:
[37m      85 Ôöé         
<span 
class="data-value">{{ 
donor?.[32mville[37m || 
'ÔÇö' }}</span>
         ÔòÁ              
                          
    [32m~~~~~[0m

  Error occurs in the 
template of component 
DonorOverviewComponent.

    src/app/donor/pages/ov
erview/donor-overview.comp
onent.ts:12:15:
[37m      12 Ôöé   
templateUrl: [32m'./donor
-overview.component.html'
[37m,
         ÔòÁ              
  [32m~~~~~~~~~~~~~~~~~~~
~~~~~~~~~~~~~~[0m


[31mX [41;31m[[41;97mER
ROR[41;31m][0m 
[1mTS2339: Property 
'nombreDons' does not 
exist on type 
'Donneur'.[0m 
[1m[35m[plugin 
angular-compiler][0m

    src/app/donor/pages/ov
erview/donor-overview.comp
onent.html:97:43:
[37m      97 Ôöé ...an 
class="data-value">{{ dono
r?.[32mnombreDons[37m 
|| 0 }} / 4 dons</span>
         ÔòÁ              
                      
[32m~~~~~~~~~~[0m

  Error occurs in the 
template of component 
DonorOverviewComponent.

    src/app/donor/pages/ov
erview/donor-overview.comp
onent.ts:12:15:
[37m      12 Ôöé   
templateUrl: [32m'./donor
-overview.component.html'
[37m,
         ÔòÁ              
  [32m~~~~~~~~~~~~~~~~~~~
~~~~~~~~~~~~~~[0m

[39m[22m
